// Jest Snapshot v1, https://goo.gl/fbAQLP

exports[`Login view render should render correctly 1`] = `
<View
  style={
    Object {
      "alignItems": "center",
      "flex": 1,
      "justifyContent": "center",
    }
  }
>
  <Button
    onPress={[Function]}
    title="Login"
  />
</View>
`;
